[10-Sep-2026 23:14:27 UTC] PHP Warning:  Use of undefined constant FILTER_VALIDATE_BOOL - assumed 'FILTER_VALIDATE_BOOL' (this will throw an Error in a future version of PHP) in C:\xampp\htdocs\tienda\wp-content\plugins\woocommerce\src\Admin\WCAdminHelper.php on line 185
[10-Sep-2026 23:14:27 UTC] PHP Warning:  filter_var() expects parameter 2 to be int, string given in C:\xampp\htdocs\tienda\wp-content\plugins\woocommerce\src\Admin\WCAdminHelper.php on line 185
[10-Sep-2026 23:14:47 UTC] Automatic updates starting...
[10-Sep-2026 23:14:47 UTC]   Automatic plugin updates starting...
[10-Sep-2026 23:14:47 UTC]   Automatic plugin updates complete.
[10-Sep-2026 23:14:48 UTC] Automatic updates complete.
[10-Sep-2026 23:15:30 UTC] PHP Warning:  Use of undefined constant FILTER_VALIDATE_BOOL - assumed 'FILTER_VALIDATE_BOOL' (this will throw an Error in a future version of PHP) in C:\xampp\htdocs\tienda\wp-content\plugins\woocommerce\src\Admin\WCAdminHelper.php on line 185
[10-Sep-2026 23:15:30 UTC] PHP Warning:  filter_var() expects parameter 2 to be int, string given in C:\xampp\htdocs\tienda\wp-content\plugins\woocommerce\src\Admin\WCAdminHelper.php on line 185
[10-Sep-2026 23:17:18 UTC] PHP Warning:  Use of undefined constant FILTER_VALIDATE_BOOL - assumed 'FILTER_VALIDATE_BOOL' (this will throw an Error in a future version of PHP) in C:\xampp\htdocs\tienda\wp-content\plugins\woocommerce\src\Admin\WCAdminHelper.php on line 185
[10-Sep-2026 23:17:18 UTC] PHP Warning:  filter_var() expects parameter 2 to be int, string given in C:\xampp\htdocs\tienda\wp-content\plugins\woocommerce\src\Admin\WCAdminHelper.php on line 185
[10-Sep-2026 23:18:44 UTC] PHP Warning:  Use of undefined constant FILTER_VALIDATE_BOOL - assumed 'FILTER_VALIDATE_BOOL' (this will throw an Error in a future version of PHP) in C:\xampp\htdocs\tienda\wp-content\plugins\woocommerce\src\Admin\WCAdminHelper.php on line 185
[10-Sep-2026 23:18:44 UTC] PHP Warning:  filter_var() expects parameter 2 to be int, string given in C:\xampp\htdocs\tienda\wp-content\plugins\woocommerce\src\Admin\WCAdminHelper.php on line 185
[10-Sep-2026 23:37:23 UTC] PHP Warning:  Use of undefined constant FILTER_VALIDATE_BOOL - assumed 'FILTER_VALIDATE_BOOL' (this will throw an Error in a future version of PHP) in C:\xampp\htdocs\tienda\wp-content\plugins\woocommerce\src\Admin\WCAdminHelper.php on line 185
[10-Sep-2026 23:37:23 UTC] PHP Warning:  filter_var() expects parameter 2 to be int, string given in C:\xampp\htdocs\tienda\wp-content\plugins\woocommerce\src\Admin\WCAdminHelper.php on line 185
[10-Sep-2026 23:37:40 UTC] PHP Warning:  Use of undefined constant FILTER_VALIDATE_BOOL - assumed 'FILTER_VALIDATE_BOOL' (this will throw an Error in a future version of PHP) in C:\xampp\htdocs\tienda\wp-content\plugins\woocommerce\src\Admin\WCAdminHelper.php on line 185
[10-Sep-2026 23:37:40 UTC] PHP Warning:  filter_var() expects parameter 2 to be int, string given in C:\xampp\htdocs\tienda\wp-content\plugins\woocommerce\src\Admin\WCAdminHelper.php on line 185
[10-Sep-2026 23:38:20 UTC] PHP Warning:  Use of undefined constant FILTER_VALIDATE_BOOL - assumed 'FILTER_VALIDATE_BOOL' (this will throw an Error in a future version of PHP) in C:\xampp\htdocs\tienda\wp-content\plugins\woocommerce\src\Admin\WCAdminHelper.php on line 185
[10-Sep-2026 23:38:20 UTC] PHP Warning:  filter_var() expects parameter 2 to be int, string given in C:\xampp\htdocs\tienda\wp-content\plugins\woocommerce\src\Admin\WCAdminHelper.php on line 185
[10-Sep-2026 23:40:48 UTC] PHP Warning:  Use of undefined constant FILTER_VALIDATE_BOOL - assumed 'FILTER_VALIDATE_BOOL' (this will throw an Error in a future version of PHP) in C:\xampp\htdocs\tienda\wp-content\plugins\woocommerce\src\Admin\WCAdminHelper.php on line 185
[10-Sep-2026 23:40:48 UTC] PHP Warning:  filter_var() expects parameter 2 to be int, string given in C:\xampp\htdocs\tienda\wp-content\plugins\woocommerce\src\Admin\WCAdminHelper.php on line 185
[11-Sep-2026 00:06:50 UTC] PHP Warning:  Use of undefined constant FILTER_VALIDATE_BOOL - assumed 'FILTER_VALIDATE_BOOL' (this will throw an Error in a future version of PHP) in C:\xampp\htdocs\tienda\wp-content\plugins\woocommerce\src\Admin\WCAdminHelper.php on line 185
[11-Sep-2026 00:06:50 UTC] PHP Warning:  filter_var() expects parameter 2 to be int, string given in C:\xampp\htdocs\tienda\wp-content\plugins\woocommerce\src\Admin\WCAdminHelper.php on line 185
[11-Sep-2026 02:07:28 UTC] Automatic updates starting...
[11-Sep-2026 02:07:28 UTC]   Automatic plugin updates starting...
[11-Sep-2026 02:07:28 UTC]   Automatic plugin updates complete.
[11-Sep-2026 02:07:28 UTC] Automatic updates complete.
[16-Sep-2026 02:36:31 UTC] Automatic updates starting...
[16-Sep-2026 02:36:31 UTC]   Automatic plugin updates starting...
[16-Sep-2026 02:36:31 UTC]   Automatic plugin updates complete.
[16-Sep-2026 02:36:32 UTC] Automatic updates complete.
[16-Sep-2026 02:36:35 UTC] PHP Warning:  Use of undefined constant FILTER_VALIDATE_BOOL - assumed 'FILTER_VALIDATE_BOOL' (this will throw an Error in a future version of PHP) in C:\xampp\htdocs\tienda\wp-content\plugins\woocommerce\src\Admin\WCAdminHelper.php on line 185
[16-Sep-2026 02:36:35 UTC] PHP Warning:  filter_var() expects parameter 2 to be int, string given in C:\xampp\htdocs\tienda\wp-content\plugins\woocommerce\src\Admin\WCAdminHelper.php on line 185
[16-Sep-2026 02:36:37 UTC] PHP Warning:  Use of undefined constant FILTER_VALIDATE_BOOL - assumed 'FILTER_VALIDATE_BOOL' (this will throw an Error in a future version of PHP) in C:\xampp\htdocs\tienda\wp-content\plugins\woocommerce\src\Admin\WCAdminHelper.php on line 185
[16-Sep-2026 02:36:37 UTC] PHP Warning:  filter_var() expects parameter 2 to be int, string given in C:\xampp\htdocs\tienda\wp-content\plugins\woocommerce\src\Admin\WCAdminHelper.php on line 185
[16-Sep-2026 02:36:38 UTC] PHP Warning:  Use of undefined constant FILTER_VALIDATE_BOOL - assumed 'FILTER_VALIDATE_BOOL' (this will throw an Error in a future version of PHP) in C:\xampp\htdocs\tienda\wp-content\plugins\woocommerce\src\Admin\WCAdminHelper.php on line 185
[16-Sep-2026 02:36:38 UTC] PHP Warning:  filter_var() expects parameter 2 to be int, string given in C:\xampp\htdocs\tienda\wp-content\plugins\woocommerce\src\Admin\WCAdminHelper.php on line 185
[16-Sep-2026 02:36:38 UTC] PHP Warning:  Use of undefined constant FILTER_VALIDATE_BOOL - assumed 'FILTER_VALIDATE_BOOL' (this will throw an Error in a future version of PHP) in C:\xampp\htdocs\tienda\wp-content\plugins\woocommerce\src\Admin\WCAdminHelper.php on line 185
[16-Sep-2026 02:36:38 UTC] PHP Warning:  filter_var() expects parameter 2 to be int, string given in C:\xampp\htdocs\tienda\wp-content\plugins\woocommerce\src\Admin\WCAdminHelper.php on line 185
[16-Sep-2026 02:36:39 UTC] PHP Warning:  Use of undefined constant FILTER_VALIDATE_BOOL - assumed 'FILTER_VALIDATE_BOOL' (this will throw an Error in a future version of PHP) in C:\xampp\htdocs\tienda\wp-content\plugins\woocommerce\src\Admin\WCAdminHelper.php on line 185
[16-Sep-2026 02:36:39 UTC] PHP Warning:  filter_var() expects parameter 2 to be int, string given in C:\xampp\htdocs\tienda\wp-content\plugins\woocommerce\src\Admin\WCAdminHelper.php on line 185
[16-Sep-2026 03:26:55 UTC] PHP Warning:  Use of undefined constant FILTER_VALIDATE_BOOL - assumed 'FILTER_VALIDATE_BOOL' (this will throw an Error in a future version of PHP) in C:\xampp\htdocs\tienda\wp-content\plugins\woocommerce\src\Admin\WCAdminHelper.php on line 185
[16-Sep-2026 03:26:55 UTC] PHP Warning:  filter_var() expects parameter 2 to be int, string given in C:\xampp\htdocs\tienda\wp-content\plugins\woocommerce\src\Admin\WCAdminHelper.php on line 185
[16-Sep-2026 03:28:08 UTC] PHP Warning:  Use of undefined constant FILTER_VALIDATE_BOOL - assumed 'FILTER_VALIDATE_BOOL' (this will throw an Error in a future version of PHP) in C:\xampp\htdocs\tienda\wp-content\plugins\woocommerce\src\Admin\WCAdminHelper.php on line 185
[16-Sep-2026 03:28:08 UTC] PHP Warning:  filter_var() expects parameter 2 to be int, string given in C:\xampp\htdocs\tienda\wp-content\plugins\woocommerce\src\Admin\WCAdminHelper.php on line 185
[16-Sep-2026 03:28:25 UTC] PHP Warning:  Use of undefined constant FILTER_VALIDATE_BOOL - assumed 'FILTER_VALIDATE_BOOL' (this will throw an Error in a future version of PHP) in C:\xampp\htdocs\tienda\wp-content\plugins\woocommerce\src\Admin\WCAdminHelper.php on line 185
[16-Sep-2026 03:28:25 UTC] PHP Warning:  filter_var() expects parameter 2 to be int, string given in C:\xampp\htdocs\tienda\wp-content\plugins\woocommerce\src\Admin\WCAdminHelper.php on line 185
[16-Sep-2026 03:28:27 UTC] PHP Warning:  Use of undefined constant FILTER_VALIDATE_BOOL - assumed 'FILTER_VALIDATE_BOOL' (this will throw an Error in a future version of PHP) in C:\xampp\htdocs\tienda\wp-content\plugins\woocommerce\src\Admin\WCAdminHelper.php on line 185
[16-Sep-2026 03:28:27 UTC] PHP Warning:  filter_var() expects parameter 2 to be int, string given in C:\xampp\htdocs\tienda\wp-content\plugins\woocommerce\src\Admin\WCAdminHelper.php on line 185
[16-Sep-2026 03:28:28 UTC] PHP Warning:  Use of undefined constant FILTER_VALIDATE_BOOL - assumed 'FILTER_VALIDATE_BOOL' (this will throw an Error in a future version of PHP) in C:\xampp\htdocs\tienda\wp-content\plugins\woocommerce\src\Admin\WCAdminHelper.php on line 185
[16-Sep-2026 03:28:28 UTC] PHP Warning:  filter_var() expects parameter 2 to be int, string given in C:\xampp\htdocs\tienda\wp-content\plugins\woocommerce\src\Admin\WCAdminHelper.php on line 185
[16-Sep-2026 03:28:39 UTC] PHP Warning:  Use of undefined constant FILTER_VALIDATE_BOOL - assumed 'FILTER_VALIDATE_BOOL' (this will throw an Error in a future version of PHP) in C:\xampp\htdocs\tienda\wp-content\plugins\woocommerce\src\Admin\WCAdminHelper.php on line 185
[16-Sep-2026 03:28:39 UTC] PHP Warning:  filter_var() expects parameter 2 to be int, string given in C:\xampp\htdocs\tienda\wp-content\plugins\woocommerce\src\Admin\WCAdminHelper.php on line 185
[21-Sep-2026 20:42:45 UTC] PHP Warning:  Use of undefined constant FILTER_VALIDATE_BOOL - assumed 'FILTER_VALIDATE_BOOL' (this will throw an Error in a future version of PHP) in C:\xampp\htdocs\tienda\wp-content\plugins\woocommerce\src\Admin\WCAdminHelper.php on line 185
[21-Sep-2026 20:42:45 UTC] PHP Warning:  filter_var() expects parameter 2 to be int, string given in C:\xampp\htdocs\tienda\wp-content\plugins\woocommerce\src\Admin\WCAdminHelper.php on line 185
[21-Sep-2026 20:42:54 UTC] Automatic updates starting...
[21-Sep-2026 20:42:55 UTC]   Automatic plugin updates starting...
[21-Sep-2026 20:42:55 UTC]   Automatic plugin updates complete.
[21-Sep-2026 20:42:55 UTC] Automatic updates complete.
[21-Sep-2026 20:46:24 UTC] PHP Warning:  Use of undefined constant FILTER_VALIDATE_BOOL - assumed 'FILTER_VALIDATE_BOOL' (this will throw an Error in a future version of PHP) in C:\xampp\htdocs\tienda\wp-content\plugins\woocommerce\src\Admin\WCAdminHelper.php on line 185
[21-Sep-2026 20:46:24 UTC] PHP Warning:  filter_var() expects parameter 2 to be int, string given in C:\xampp\htdocs\tienda\wp-content\plugins\woocommerce\src\Admin\WCAdminHelper.php on line 185
[21-Sep-2026 20:46:26 UTC] PHP Warning:  Use of undefined constant FILTER_VALIDATE_BOOL - assumed 'FILTER_VALIDATE_BOOL' (this will throw an Error in a future version of PHP) in C:\xampp\htdocs\tienda\wp-content\plugins\woocommerce\src\Admin\WCAdminHelper.php on line 185
[21-Sep-2026 20:46:26 UTC] PHP Warning:  filter_var() expects parameter 2 to be int, string given in C:\xampp\htdocs\tienda\wp-content\plugins\woocommerce\src\Admin\WCAdminHelper.php on line 185
[21-Sep-2026 21:14:39 UTC] PHP Warning:  Use of undefined constant FILTER_VALIDATE_BOOL - assumed 'FILTER_VALIDATE_BOOL' (this will throw an Error in a future version of PHP) in C:\xampp\htdocs\tienda\wp-content\plugins\woocommerce\src\Admin\WCAdminHelper.php on line 185
[21-Sep-2026 21:14:39 UTC] PHP Warning:  filter_var() expects parameter 2 to be int, string given in C:\xampp\htdocs\tienda\wp-content\plugins\woocommerce\src\Admin\WCAdminHelper.php on line 185
[21-Sep-2026 21:15:39 UTC] PHP Warning:  Use of undefined constant FILTER_VALIDATE_BOOL - assumed 'FILTER_VALIDATE_BOOL' (this will throw an Error in a future version of PHP) in C:\xampp\htdocs\tienda\wp-content\plugins\woocommerce\src\Admin\WCAdminHelper.php on line 185
[21-Sep-2026 21:15:39 UTC] PHP Warning:  filter_var() expects parameter 2 to be int, string given in C:\xampp\htdocs\tienda\wp-content\plugins\woocommerce\src\Admin\WCAdminHelper.php on line 185
[21-Sep-2026 21:15:54 UTC] PHP Warning:  Use of undefined constant FILTER_VALIDATE_BOOL - assumed 'FILTER_VALIDATE_BOOL' (this will throw an Error in a future version of PHP) in C:\xampp\htdocs\tienda\wp-content\plugins\woocommerce\src\Admin\WCAdminHelper.php on line 185
[21-Sep-2026 21:15:54 UTC] PHP Warning:  filter_var() expects parameter 2 to be int, string given in C:\xampp\htdocs\tienda\wp-content\plugins\woocommerce\src\Admin\WCAdminHelper.php on line 185
[21-Sep-2026 21:34:50 UTC] PHP Warning:  Use of undefined constant FILTER_VALIDATE_BOOL - assumed 'FILTER_VALIDATE_BOOL' (this will throw an Error in a future version of PHP) in C:\xampp\htdocs\tienda\wp-content\plugins\woocommerce\src\Admin\WCAdminHelper.php on line 185
[21-Sep-2026 21:34:50 UTC] PHP Warning:  filter_var() expects parameter 2 to be int, string given in C:\xampp\htdocs\tienda\wp-content\plugins\woocommerce\src\Admin\WCAdminHelper.php on line 185
[21-Sep-2026 21:39:45 UTC] PHP Warning:  Use of undefined constant FILTER_VALIDATE_BOOL - assumed 'FILTER_VALIDATE_BOOL' (this will throw an Error in a future version of PHP) in C:\xampp\htdocs\tienda\wp-content\plugins\woocommerce\src\Admin\WCAdminHelper.php on line 185
[21-Sep-2026 21:39:45 UTC] PHP Warning:  filter_var() expects parameter 2 to be int, string given in C:\xampp\htdocs\tienda\wp-content\plugins\woocommerce\src\Admin\WCAdminHelper.php on line 185
[21-Sep-2026 21:41:45 UTC] PHP Warning:  Use of undefined constant FILTER_VALIDATE_BOOL - assumed 'FILTER_VALIDATE_BOOL' (this will throw an Error in a future version of PHP) in C:\xampp\htdocs\tienda\wp-content\plugins\woocommerce\src\Admin\WCAdminHelper.php on line 185
[21-Sep-2026 21:41:45 UTC] PHP Warning:  filter_var() expects parameter 2 to be int, string given in C:\xampp\htdocs\tienda\wp-content\plugins\woocommerce\src\Admin\WCAdminHelper.php on line 185
[21-Sep-2026 21:41:49 UTC] PHP Warning:  Use of undefined constant FILTER_VALIDATE_BOOL - assumed 'FILTER_VALIDATE_BOOL' (this will throw an Error in a future version of PHP) in C:\xampp\htdocs\tienda\wp-content\plugins\woocommerce\src\Admin\WCAdminHelper.php on line 185
[21-Sep-2026 21:41:49 UTC] PHP Warning:  filter_var() expects parameter 2 to be int, string given in C:\xampp\htdocs\tienda\wp-content\plugins\woocommerce\src\Admin\WCAdminHelper.php on line 185
[21-Sep-2026 21:42:49 UTC] PHP Warning:  Use of undefined constant FILTER_VALIDATE_BOOL - assumed 'FILTER_VALIDATE_BOOL' (this will throw an Error in a future version of PHP) in C:\xampp\htdocs\tienda\wp-content\plugins\woocommerce\src\Admin\WCAdminHelper.php on line 185
[21-Sep-2026 21:42:49 UTC] PHP Warning:  filter_var() expects parameter 2 to be int, string given in C:\xampp\htdocs\tienda\wp-content\plugins\woocommerce\src\Admin\WCAdminHelper.php on line 185
[21-Sep-2026 21:42:54 UTC] PHP Warning:  Use of undefined constant FILTER_VALIDATE_BOOL - assumed 'FILTER_VALIDATE_BOOL' (this will throw an Error in a future version of PHP) in C:\xampp\htdocs\tienda\wp-content\plugins\woocommerce\src\Admin\WCAdminHelper.php on line 185
[21-Sep-2026 21:42:54 UTC] PHP Warning:  filter_var() expects parameter 2 to be int, string given in C:\xampp\htdocs\tienda\wp-content\plugins\woocommerce\src\Admin\WCAdminHelper.php on line 185
[21-Sep-2026 21:48:14 UTC] PHP Warning:  Use of undefined constant FILTER_VALIDATE_BOOL - assumed 'FILTER_VALIDATE_BOOL' (this will throw an Error in a future version of PHP) in C:\xampp\htdocs\tienda\wp-content\plugins\woocommerce\src\Admin\WCAdminHelper.php on line 185
[21-Sep-2026 21:48:14 UTC] PHP Warning:  filter_var() expects parameter 2 to be int, string given in C:\xampp\htdocs\tienda\wp-content\plugins\woocommerce\src\Admin\WCAdminHelper.php on line 185
[21-Sep-2026 21:51:11 UTC] PHP Warning:  Use of undefined constant FILTER_VALIDATE_BOOL - assumed 'FILTER_VALIDATE_BOOL' (this will throw an Error in a future version of PHP) in C:\xampp\htdocs\tienda\wp-content\plugins\woocommerce\src\Admin\WCAdminHelper.php on line 185
[21-Sep-2026 21:51:11 UTC] PHP Warning:  filter_var() expects parameter 2 to be int, string given in C:\xampp\htdocs\tienda\wp-content\plugins\woocommerce\src\Admin\WCAdminHelper.php on line 185
[21-Sep-2026 21:51:18 UTC] PHP Warning:  Use of undefined constant FILTER_VALIDATE_BOOL - assumed 'FILTER_VALIDATE_BOOL' (this will throw an Error in a future version of PHP) in C:\xampp\htdocs\tienda\wp-content\plugins\woocommerce\src\Admin\WCAdminHelper.php on line 185
[21-Sep-2026 21:51:18 UTC] PHP Warning:  filter_var() expects parameter 2 to be int, string given in C:\xampp\htdocs\tienda\wp-content\plugins\woocommerce\src\Admin\WCAdminHelper.php on line 185
[21-Sep-2026 21:54:17 UTC] PHP Warning:  Use of undefined constant FILTER_VALIDATE_BOOL - assumed 'FILTER_VALIDATE_BOOL' (this will throw an Error in a future version of PHP) in C:\xampp\htdocs\tienda\wp-content\plugins\woocommerce\src\Admin\WCAdminHelper.php on line 185
[21-Sep-2026 21:54:17 UTC] PHP Warning:  filter_var() expects parameter 2 to be int, string given in C:\xampp\htdocs\tienda\wp-content\plugins\woocommerce\src\Admin\WCAdminHelper.php on line 185
